[ais.osym.gov.tr/Yetki/Giris.html]
[backblue.gif]
[fade.gif]
[index.html]
[kendo.cdn.telerik.com/2015.1.429/styles/kendo.default.min.css]
[kendo.cdn.telerik.com/2015.1.429/styles/kendo.common.min.css]
[kendo.cdn.telerik.com/2015.1.429/js/kendo.aspnetmvc.min.js]
[ais.osym.gov.tr/Content/3rdParty/jQuery/jquery-1.11.0.min.js]
[kendo.cdn.telerik.com/2015.1.429/js/kendo.web.min.js]
[ais.osym.gov.tr/Content/Images/logo_ais_mobil.png]
[ais.osym.gov.tr/Content/3rdParty/jQuery/jquery.smartbanner.css]
[ais.osym.gov.tr/Content/3rdParty/jQuery/jquery.smartbanner.js]
[ais.osym.gov.tr/Content/Images/image-loading.gif]
[ais.osym.gov.tr/Content/Images/e-devlet-girisyap-button.png]
[ais.osym.gov.tr/Content/Images/e-devlet-kayitol-button.png]
[ais.osym.gov.tr/Yetki/SifremiUnuttum.html]
[ais.osym.gov.tr/Content/Images/app_download_apple.png]
[ais.osym.gov.tr/Content/Images/app_download_google.png]
[ais.osym.gov.tr/Content/Images/icon-callcenter.png]
[ais.osym.gov.tr/Yetki/Giris.html]
[kendo.cdn.telerik.com/2015.1.429/styles/textures/transtexture.png]
[kendo.cdn.telerik.com/2015.1.429/styles/textures/transparency.png]
[kendo.cdn.telerik.com/2015.1.429/styles/textures/hue.png]
[kendo.cdn.telerik.com/2015.1.429/styles/fonts/DejaVu/DejaVuSerif-Bold.ttf]
[kendo.cdn.telerik.com/2015.1.429/styles/fonts/DejaVu/DejaVuSerif-Italic.ttf]
[kendo.cdn.telerik.com/2015.1.429/styles/fonts/DejaVu/DejaVuSerif.ttf]
[kendo.cdn.telerik.com/2015.1.429/styles/fonts/DejaVu/DejaVuSerif-BoldItalic.ttf]
[kendo.cdn.telerik.com/2015.1.429/styles/kendo.common.min.css]
[kendo.cdn.telerik.com/2015.1.429/styles/fonts/DejaVu/DejaVuSansMono-Oblique.ttf]
[kendo.cdn.telerik.com/2015.1.429/styles/textures/highlight.png]
[kendo.cdn.telerik.com/2015.1.429/styles/Default/sprite.png]
[kendo.cdn.telerik.com/2015.1.429/styles/fonts/DejaVu/DejaVuSansMono-BoldOblique.ttf]
[kendo.cdn.telerik.com/2015.1.429/styles/Default/loading.gif]
[kendo.cdn.telerik.com/2015.1.429/styles/Default/loading-image.gif]
[kendo.cdn.telerik.com/2015.1.429/styles/Default/indeterminate.gif]
[kendo.cdn.telerik.com/2015.1.429/styles/Default/slider-h.gif]
[kendo.cdn.telerik.com/2015.1.429/styles/fonts/DejaVu/DejaVuSansMono.ttf]
[kendo.cdn.telerik.com/2015.1.429/styles/Default/slider-v.gif]
[kendo.cdn.telerik.com/2015.1.429/styles/Default/imagebrowser.png]
[kendo.cdn.telerik.com/2015.1.429/styles/fonts/DejaVu/DejaVuSansMono-Bold.ttf]
[kendo.cdn.telerik.com/2015.1.429/styles/Default/sprite_kpi.png]
[kendo.cdn.telerik.com/2015.1.429/styles/Default/sprite_2x.png]
[kendo.cdn.telerik.com/2015.1.429/styles/Default/sprite_kpi_2x.png]
[kendo.cdn.telerik.com/2015.1.429/styles/kendo.default.min.css]
[ais.osym.gov.tr/Yetki/Girise632.html]
[ais.osym.gov.tr/Yetki/Giris5455.html]
[kendo.cdn.telerik.com/2015.1.429/js/kendo.web.min.js]
[kendo.cdn.telerik.com/2015.1.429/js/kendo.aspnetmvc.min.js]
[ais.osym.gov.tr/Content/3rdParty/jQuery/jquery.smartbanner.css]
[ais.osym.gov.tr/Yetki/GetCaptchaImage.png]
[ais.osym.gov.tr/Content/Images/icon-refresh.png]
[ais.osym.gov.tr/Content/Images/icon-volume-up.png]
[ais.osym.gov.tr/Yetki/SifremiUnuttum.html]
[ais.osym.gov.tr/Yetki/core.html]
[ais.osym.gov.tr/Yetki/app.html]
[ais.osym.gov.tr/Yetki/workbook.html]
[ais.osym.gov.tr/Yetki/sheet{0}.html]
[ais.osym.gov.tr/Yetki/styles.html]
[ais.osym.gov.tr/Yetki/sharedStrings.html]
[ais.osym.gov.tr/Yetki/[Content_Types].html]
[ais.osym.gov.tr/Yetki/Girise632.html]
[ais.osym.gov.tr/Yetki/Giris5455.html]
